>>> add_integer = __import__("0-add_integer").add_integer

"""Check if integers add correctly
>>> add_integer(2, 3)
5
>>> add_integer(2)
100
>>> add_integer(100, -2)
98

"""Check if floats return correctly
>>> add_integer(1.0, 2.00)
3
>>> add_integer(1.2, 3)
4

"""None checks
>>> add_integer(None, 2)
Traceback (most recent call last):
    ...
TypeError: a must be an integer
>>> add_integer(3, None)
Traceback (most recent call last):
    ...
TypeError: b must be an integer
>>> add_integer(None, None)
Traceback (most recent call last):
    ...
TypeError: a must be an integer

"""Check if string throws proper errors
>>> add_integer(2, "testing")
Traceback (most recent call last):
    ...
TypeError: b must be an integer
>>> add_integer("add", "string")
Traceback (most recent call last):
    ...
TypeError: a must be an integer